src/components/KDTrendChart.tsx(86,13): error TS2322: Type '(value: number) => string' is not assignable to type 'Formatter<ValueType, NameType> & ((value: ValueType, name: NameType, item: TooltipPayloadEntry, index: number, payload: TooltipPayload) => ReactNode | [...])'.
  Type '(value: number) => string' is not assignable to type 'Formatter<ValueType, NameType>'.
    Types of parameters 'value' and 'value' are incompatible.
      Type 'ValueType | undefined' is not assignable to type 'number'.
        Type 'undefined' is not assignable to type 'number'.
src/components/WinRateTrendChart.tsx(86,13): error TS2322: Type '(value: number) => string' is not assignable to type 'Formatter<ValueType, NameType> & ((value: ValueType, name: NameType, item: TooltipPayloadEntry, index: number, payload: TooltipPayload) => ReactNode | [...])'.
  Type '(value: number) => string' is not assignable to type 'Formatter<ValueType, NameType>'.
    Types of parameters 'value' and 'value' are incompatible.
      Type 'ValueType | undefined' is not assignable to type 'number'.
        Type 'undefined' is not assignable to type 'number'.
