src/App.tsx(10,8): error TS2300: Duplicate identifier 'Leaderboard'.
src/App.tsx(18,8): error TS2300: Duplicate identifier 'Leaderboard'.
src/components/KDTrendChart.tsx(2,86): error TS2305: Module '"recharts"' has no exported member 'defs'.
src/components/KDTrendChart.tsx(2,86): error TS6133: 'defs' is declared but its value is never read.
src/components/KDTrendChart.tsx(2,92): error TS2305: Module '"recharts"' has no exported member 'linearGradient'.
src/components/KDTrendChart.tsx(2,92): error TS6133: 'linearGradient' is declared but its value is never read.
src/components/KDTrendChart.tsx(2,108): error TS2305: Module '"recharts"' has no exported member 'stop'.
src/components/KDTrendChart.tsx(2,108): error TS6133: 'stop' is declared but its value is never read.
src/components/KDTrendChart.tsx(20,10): error TS6133: 'error' is declared but its value is never read.
src/components/WinRateTrendChart.tsx(18,10): error TS6133: 'error' is declared but its value is never read.
src/components/WinRateTrendChart.tsx(91,15): error TS2322: Type '(value: number) => [string, string]' is not assignable to type 'Formatter<ValueType, NameType> & ((value: ValueType, name: NameType, item: TooltipPayloadEntry, index: number, payload: TooltipPayload) => ReactNode | [...])'.
  Type '(value: number) => [string, string]' is not assignable to type 'Formatter<ValueType, NameType>'.
    Types of parameters 'value' and 'value' are incompatible.
      Type 'ValueType | undefined' is not assignable to type 'number'.
        Type 'undefined' is not assignable to type 'number'.
